// Jest Snapshot v1, https://goo.gl/fbAQLP

exports[`QA Component Renders the Q&A component correcrtly 1`] = `
<div
  data-widget="Q&A-5"
>
  <p
    className="text-main"
    data-selector="qa-title"
  >
    QUESTIONS & ANSWERS
  </p>
  <div
    className="questions-container"
  >
    <p
      className="text-reg"
      data-selector="no-questions"
    >
      Be the first to ask a question about this product!
    </p>
  </div>
  <button
    data-selector="new-question"
    onClick={[Function]}
  >
    ASK A QUESTION +
  </button>
</div>
`;

exports[`QA Component Renders the Q&A component correctly 1`] = `
<div
  data-widget="Q&A-5"
>
  <p
    className="text-main"
    data-selector="qa-title"
  >
    QUESTIONS & ANSWERS
  </p>
  <div
    className="questions-container"
  >
    <p
      className="text-reg"
      data-selector="no-questions"
    >
      Be the first to ask a question about this product!
    </p>
  </div>
  <button
    data-selector="new-question"
    onClick={[Function]}
  >
    ASK A QUESTION +
  </button>
</div>
`;

exports[`QA Snapshot Renders the Q&A component correcrtly 1`] = `
<div
  data-widget="Q&A-5"
>
  <p
    className="text-main"
    data-selector="qa-title"
  >
    QUESTIONS & ANSWERS
  </p>
  <div
    className="questions-container"
  >
    <p
      className="text-reg"
      data-selector="no-questions"
    >
      Be the first to ask a question about this product!
    </p>
  </div>
  <button
    data-selector="new-question"
    onClick={[Function]}
  >
    ASK A QUESTION +
  </button>
</div>
`;

exports[`Renders the Q&A component correcrtly 1`] = `
<div
  data-widget="Q&A-5"
>
  <p
    className="text-main"
    data-selector="qa-title"
  >
    QUESTIONS & ANSWERS
  </p>
  <div
    className="questions-container"
  >
    <p
      className="text-reg"
      data-selector="no-questions"
    >
      Be the first to ask a question about this product!
    </p>
  </div>
  <button
    data-selector="new-question"
    onClick={[Function]}
  >
    ASK A QUESTION +
  </button>
</div>
`;
